// Jest Snapshot v1, https://goo.gl/fbAQLP

exports[`Description component exists 1`] = `
<div>
  <h2
    className="center aligned header"
  >
    Firstname Lastname
  </h2>
  <p
    className="center aligned description"
  >
    Dummy job
  </p>
</div>
`;
